'CubicStrip.obstruction_identity' depends on axioms: [propext, Classical.choice, Quot.sound]
'CubicStrip.obstruction_positive' depends on axioms: [propext, Classical.choice, Quot.sound]
'CubicStrip.quotient_negative' depends on axioms: [propext, Classical.choice, Quot.sound]
'CubicStrip.growing_strip' depends on axioms: [propext, Classical.choice, Quot.sound]
'CubicStrip.quotient_bound' depends on axioms: [propext, Classical.choice, Quot.sound]
'CubicStrip.parity_nonzero' depends on axioms: [propext, Classical.choice, Quot.sound]
'CubicStrip.even_quotient_strip' depends on axioms: [propext, Classical.choice, Quot.sound]
'CubicStrip.four_quotient_strip' depends on axioms: [propext, Classical.choice, Quot.sound]
'CubicStrip.gcd_gap' depends on axioms: [propext, Classical.choice, Quot.sound]
'CubicStrip.zero_quotient_control' does not depend on any axioms

'FormalBridge.cancel_coprime' depends on axioms: [propext, Quot.sound]
'FormalBridge.coprime_product' depends on axioms: [propext, Classical.choice, Quot.sound]
'FormalBridge.q_even' depends on axioms: [propext, Quot.sound]
'FormalBridge.q_three' depends on axioms: [propext, Quot.sound]
'FormalBridge.restore_cubic' depends on axioms: [propext, Classical.choice, Quot.sound]
'FormalBridge.local_linear' depends on axioms: [propext, Classical.choice, Quot.sound]
'FormalBridge.position_one' depends on axioms: [propext, Classical.choice, Quot.sound]
'FormalBridge.position_two' depends on axioms: [propext, Classical.choice, Quot.sound]
'FormalBridge.localAt_of_residues' depends on axioms: [propext, Quot.sound]
'FormalBridge.blocks_product_dvd' depends on axioms: [propext, Classical.choice, Quot.sound]
'FormalBridge.positional_products' depends on axioms: [propext, Classical.choice, Quot.sound]
'FormalBridge.quotient_from_cubic' depends on axioms: [propext, Classical.choice, Quot.sound]
'FormalBridge.strip_from_cubic' depends on axioms: [propext, Classical.choice, Quot.sound]
'FormalBridge.strip_from_positional_products' depends on axioms: [propext, Classical.choice, Quot.sound]
'FormalBridge.strip_from_blocks' depends on axioms: [propext, Classical.choice, Quot.sound]
'FormalBridge.strip_from_blocks_two' depends on axioms: [propext, Classical.choice, Quot.sound]

'WeightedFormal.restore_weighted' depends on axioms: [propext, Classical.choice, Quot.sound]
'WeightedFormal.obstruction_identity' depends on axioms: [propext, Classical.choice, Quot.sound]
'WeightedFormal.obstruction_positive' depends on axioms: [propext, Classical.choice, Quot.sound]
'WeightedFormal.quotient_negative' depends on axioms: [propext, Classical.choice, Quot.sound]
'WeightedFormal.quotient_bound' depends on axioms: [propext, Classical.choice, Quot.sound]
'WeightedFormal.even_quotient_strip' depends on axioms: [propext, Classical.choice, Quot.sound]
'WeightedFormal.four_quotient_strip' depends on axioms: [propext, Classical.choice, Quot.sound]
'WeightedFormal.quotient_from_weighted' depends on axioms: [propext, Classical.choice, Quot.sound]
'WeightedFormal.normalized_positive' depends on axioms: [propext, Classical.choice, Quot.sound]
'WeightedFormal.strip_from_weighted' depends on axioms: [propext, Classical.choice, Quot.sound]
'WeightedFormal.strip_from_products' depends on axioms: [propext, Classical.choice, Quot.sound]
'WeightedFormal.strip_from_blocks' depends on axioms: [propext, Classical.choice, Quot.sound]
'WeightedFormal.four_strip_from_weighted' depends on axioms: [propext, Classical.choice, Quot.sound]
'WeightedFormal.defect_threshold_control' depends on axioms: [propext]
'WeightedFormal.parity_control' does not depend on any axioms
